// Jest Snapshot v1, https://goo.gl/fbAQLP

exports[`ForecastSummaries renders the correct amount of ForecastSummary components 1`] = `
<DocumentFragment>
  <div
    class="forecast-summaries"
  >
    <div
      class="forecast-summary"
    >
      <span
        class="date"
        data-testid="date-id"
      >
        Thu 1st Jan
      </span>
      <span
        class="temperature"
        data-testid="temperature-id"
      >
        999°c
      </span>
      <span
        class="description"
        data-testid="description-id"
      >
        date1
      </span>
      <span
        class="icon"
        data-testid="icon-id"
      >
        <i
          class="wi wi-day-thunderstorm"
          data-testid="weather-icon-id"
          name="owm"
        />
      </span>
      <button
        class="details-button"
        data-testid="details-button-123"
      >
        More Details
      </button>
    </div>
    <div
      class="forecast-summary"
    >
      <span
        class="date"
        data-testid="date-id"
      >
        Thu 1st Jan
      </span>
      <span
        class="temperature"
        data-testid="temperature-id"
      >
        777°c
      </span>
      <span
        class="description"
        data-testid="description-id"
      >
        date2
      </span>
      <span
        class="icon"
        data-testid="icon-id"
      >
        <i
          class="wi wi-day-sunny"
          data-testid="weather-icon-id"
          name="owm"
        />
      </span>
      <button
        class="details-button"
        data-testid="details-button-456"
      >
        More Details
      </button>
    </div>
  </div>
</DocumentFragment>
`;
