// Jest Snapshot v1, https://goo.gl/fbAQLP

exports[`SearchForm renders correctly 1`] = `
<DocumentFragment>
  <div
    class="search-form"
  >
    <div
      id="search-input-wrapper"
    >
      <input
        class="search-input"
        id="location-search-input"
        placeholder="Find a city"
        type="search"
      />
      <button
        class="search-button"
        data-testid="search-button"
      >
        <i
          class="fa fa-search"
        />
      </button>
    </div>
  </div>
</DocumentFragment>
`;
